// Jest Snapshot v1, https://goo.gl/fbAQLP

exports[`Arrow Arrow renders correctly 1`] = `
<span
  onClick={[Function]}
  role="presentation"
  style={
    Object {
      "border": "4px solid transparent",
      "borderRight": "4px solid",
      "borderTop": "4px solid",
      "boxSizing": "border-box",
      "color": "#666",
      "cursor": "pointer",
      "display": "inline-block",
      "height": 0,
      "margin": 15,
      "position": "relative",
      "transform": "rotate(45deg)",
      "verticalAlign": "middle",
      "width": 0,
    }
  }
/>
`;
