// Jest Snapshot v1, https://goo.gl/fbAQLP

exports[`Tree Tree renders a div if treeData is non-existent 1`] = `<div />`;

exports[`Tree Tree renders correctly 1`] = `
<div>
  <div>
    <div>
      <span
        style={
          Object {
            "paddingLeft": 0,
          }
        }
      >
        <span
          onClick={[Function]}
          role="presentation"
          style={
            Object {
              "border": "4px solid transparent",
              "borderRight": "4px solid",
              "borderTop": "4px solid",
              "boxSizing": "border-box",
              "color": "#666",
              "cursor": "pointer",
              "display": "inline-block",
              "height": 0,
              "margin": 15,
              "position": "relative",
              "transform": "rotate(45deg)",
              "verticalAlign": "middle",
              "width": 0,
            }
          }
        />
      </span>
      
    </div>
  </div>
  <div
    style={
      Object {
        "display": "none",
        "visibility": "hidden",
      }
    }
  >
    <div>
      <div>
        <span
          style={
            Object {
              "paddingLeft": 15,
            }
          }
        >
          <span
            onClick={[Function]}
            role="presentation"
            style={
              Object {
                "border": "4px solid transparent",
                "borderRight": "4px solid",
                "borderTop": "4px solid",
                "boxSizing": "border-box",
                "color": "#666",
                "cursor": "pointer",
                "display": "inline-block",
                "height": 0,
                "margin": 15,
                "position": "relative",
                "transform": "rotate(45deg)",
                "verticalAlign": "middle",
                "width": 0,
              }
            }
          />
        </span>
        
      </div>
    </div>
    <div
      style={
        Object {
          "display": "none",
          "visibility": "hidden",
        }
      }
    >
      <div>
        <div>
          <span
            style={
              Object {
                "paddingLeft": 30,
              }
            }
          >
            <span
              onClick={[Function]}
              role="presentation"
              style={
                Object {
                  "border": "4px solid transparent",
                  "borderRight": "4px solid",
                  "borderTop": "4px solid",
                  "boxSizing": "border-box",
                  "color": "#666",
                  "cursor": "pointer",
                  "display": "inline-block",
                  "height": 0,
                  "margin": 15,
                  "position": "relative",
                  "transform": "rotate(45deg)",
                  "verticalAlign": "middle",
                  "width": 0,
                }
              }
            />
          </span>
          
        </div>
      </div>
      <div
        style={
          Object {
            "display": "none",
            "visibility": "hidden",
          }
        }
      >
        <div>
          <div>
            <span
              style={
                Object {
                  "paddingLeft": 45,
                }
              }
            >
              <span
                onClick={[Function]}
                role="presentation"
                style={
                  Object {
                    "border": "4px solid transparent",
                    "borderRight": "4px solid",
                    "borderTop": "4px solid",
                    "boxSizing": "border-box",
                    "color": "#666",
                    "cursor": "pointer",
                    "display": "inline-block",
                    "height": 0,
                    "margin": 15,
                    "position": "relative",
                    "transform": "rotate(45deg)",
                    "verticalAlign": "middle",
                    "width": 0,
                  }
                }
              />
            </span>
            
          </div>
        </div>
        <div
          style={
            Object {
              "display": "none",
              "visibility": "hidden",
            }
          }
        >
          <div>
            <div>
              <span
                style={
                  Object {
                    "paddingLeft": 60,
                  }
                }
              />
              
            </div>
          </div>
          <div
            style={
              Object {
                "display": "none",
                "visibility": "hidden",
              }
            }
          />
        </div>
      </div>
    </div>
  </div>
</div>
`;
